  main.cpp
D:\TR\tinyrenderer_notes\03绘制三角形+平面着色\main.cpp(31,15): warning C4244: “初始化”: 从“double”转换到“int”，可能丢失数据
D:\TR\tinyrenderer_notes\03绘制三角形+平面着色\main.cpp(90,10): warning C4244: “初始化”: 从“double”转换到“int”，可能丢失数据
D:\TR\tinyrenderer_notes\03绘制三角形+平面着色\main.cpp(91,10): warning C4244: “初始化”: 从“double”转换到“int”，可能丢失数据
D:\TR\tinyrenderer_notes\03绘制三角形+平面着色\main.cpp(116,74): warning C4244: “参数”: 从“double”转换到“t”，可能丢失数据
D:\TR\tinyrenderer_notes\03绘制三角形+平面着色\main.cpp(116,74): warning C4244:         with
D:\TR\tinyrenderer_notes\03绘制三角形+平面着色\main.cpp(116,74): warning C4244:         [
D:\TR\tinyrenderer_notes\03绘制三角形+平面着色\main.cpp(116,74): warning C4244:             t=int
D:\TR\tinyrenderer_notes\03绘制三角形+平面着色\main.cpp(116,74): warning C4244:         ]
D:\TR\tinyrenderer_notes\03绘制三角形+平面着色\main.cpp(116,48): warning C4244: “参数”: 从“double”转换到“t”，可能丢失数据
D:\TR\tinyrenderer_notes\03绘制三角形+平面着色\main.cpp(116,48): warning C4244:         with
D:\TR\tinyrenderer_notes\03绘制三角形+平面着色\main.cpp(116,48): warning C4244:         [
D:\TR\tinyrenderer_notes\03绘制三角形+平面着色\main.cpp(116,48): warning C4244:             t=int
D:\TR\tinyrenderer_notes\03绘制三角形+平面着色\main.cpp(116,48): warning C4244:         ]
D:\TR\tinyrenderer_notes\03绘制三角形+平面着色\main.cpp(123,127): warning C4244: “参数”: 从“float”转换到“unsigned char”，可能丢失数据
D:\TR\tinyrenderer_notes\03绘制三角形+平面着色\main.cpp(123,110): warning C4244: “参数”: 从“float”转换到“unsigned char”，可能丢失数据
D:\TR\tinyrenderer_notes\03绘制三角形+平面着色\main.cpp(123,93): warning C4244: “参数”: 从“float”转换到“unsigned char”，可能丢失数据
D:\TR\tinyrenderer_notes\03绘制三角形+平面着色\geometry.h(18,75): warning C4244: “参数”: 从“float”转换到“t”，可能丢失数据
D:\TR\tinyrenderer_notes\03绘制三角形+平面着色\geometry.h(18,75): warning C4244:         with
D:\TR\tinyrenderer_notes\03绘制三角形+平面着色\geometry.h(18,75): warning C4244:         [
D:\TR\tinyrenderer_notes\03绘制三角形+平面着色\geometry.h(18,75): warning C4244:             t=int
D:\TR\tinyrenderer_notes\03绘制三角形+平面着色\geometry.h(18,75): warning C4244:         ]
  (编译源文件“main.cpp”)
      D:\TR\tinyrenderer_notes\03绘制三角形+平面着色\geometry.h(18,75):
      模板实例化上下文(最早的实例化上下文)为
          D:\TR\tinyrenderer_notes\03绘制三角形+平面着色\main.cpp(16,6):
          查看对正在编译的 类 模板 实例化“Vec2<int>”的引用
          D:\TR\tinyrenderer_notes\03绘制三角形+平面着色\geometry.h(18,17):
          在编译 类 模板 成员函数“Vec2<int> Vec2<int>::operator *(float) const”时
              D:\TR\tinyrenderer_notes\03绘制三角形+平面着色\main.cpp(57,36):
              请参阅 "triangle" 中对 "Vec2<int>::operator *" 的第一个引用
  
D:\TR\tinyrenderer_notes\03绘制三角形+平面着色\geometry.h(18,70): warning C4244: “参数”: 从“float”转换到“t”，可能丢失数据
D:\TR\tinyrenderer_notes\03绘制三角形+平面着色\geometry.h(18,70): warning C4244:         with
D:\TR\tinyrenderer_notes\03绘制三角形+平面着色\geometry.h(18,70): warning C4244:         [
D:\TR\tinyrenderer_notes\03绘制三角形+平面着色\geometry.h(18,70): warning C4244:             t=int
D:\TR\tinyrenderer_notes\03绘制三角形+平面着色\geometry.h(18,70): warning C4244:         ]
  (编译源文件“main.cpp”)
  
  TRandBFC.vcxproj -> D:\TR\tinyrenderer_notes\03绘制三角形+平面着色\x64\Debug\TRandBFC.exe
